node_modules/@types/babel__template/index.d.ts(11,28): error TS2583: Cannot find name 'Set'. Do you need to change your target library? Try changing the 'lib' compiler option to 'es2015' or later.
node_modules/@types/babel__traverse/index.d.ts(63,15): error TS2583: Cannot find name 'WeakMap'. Do you need to change your target library? Try changing the 'lib' compiler option to 'es2015' or later.
node_modules/@types/babel__traverse/index.d.ts(63,31): error TS2583: Cannot find name 'Map'. Do you need to change your target library? Try changing the 'lib' compiler option to 'es2015' or later.
node_modules/@types/babel__traverse/index.d.ts(64,16): error TS2583: Cannot find name 'WeakMap'. Do you need to change your target library? Try changing the 'lib' compiler option to 'es2015' or later.
node_modules/@types/babel__traverse/index.d.ts(90,13): error TS2583: Cannot find name 'Map'. Do you need to change your target library? Try changing the 'lib' compiler option to 'es2015' or later.
node_modules/@types/prop-types/index.d.ts(16,38): error TS2304: Cannot find name 'Iterable'.
node_modules/@types/react/index.d.ts(440,26): error TS2304: Cannot find name 'Iterable'.
node_modules/@types/react/index.d.ts(478,10): error TS2456: Type alias 'ReactNode' circularly references itself.
node_modules/@types/react/index.d.ts(482,11): error TS2304: Cannot find name 'Iterable'.
node_modules/framer-motion/dist/types.d-BJcRxCew.d.ts(398,15): error TS2583: Cannot find name 'Set'. Do you need to change your target library? Try changing the 'lib' compiler option to 'es2015' or later.
node_modules/framer-motion/dist/types.d-BJcRxCew.d.ts(445,18): error TS2583: Cannot find name 'Map'. Do you need to change your target library? Try changing the 'lib' compiler option to 'es2015' or later.
node_modules/framer-motion/dist/types.d-BJcRxCew.d.ts(616,15): error TS2583: Cannot find name 'Set'. Do you need to change your target library? Try changing the 'lib' compiler option to 'es2015' or later.
node_modules/framer-motion/dist/types.d-BJcRxCew.d.ts(622,24): error TS2583: Cannot find name 'Set'. Do you need to change your target library? Try changing the 'lib' compiler option to 'es2015' or later.
node_modules/framer-motion/dist/types.d-BJcRxCew.d.ts(646,23): error TS2583: Cannot find name 'Set'. Do you need to change your target library? Try changing the 'lib' compiler option to 'es2015' or later.
node_modules/framer-motion/dist/types.d-BJcRxCew.d.ts(678,13): error TS2583: Cannot find name 'Map'. Do you need to change your target library? Try changing the 'lib' compiler option to 'es2015' or later.
node_modules/framer-motion/dist/types/index.d.ts(379,37): error TS2583: Cannot find name 'Map'. Do you need to change your target library? Try changing the 'lib' compiler option to 'es2015' or later.
node_modules/framer-motion/dist/types/index.d.ts(1154,35): error TS2583: Cannot find name 'WeakMap'. Do you need to change your target library? Try changing the 'lib' compiler option to 'es2015' or later.
node_modules/motion-dom/dist/index.d.ts(1236,53): error TS2583: Cannot find name 'Map'. Do you need to change your target library? Try changing the 'lib' compiler option to 'es2015' or later.
node_modules/motion-dom/dist/index.d.ts(1330,34): error TS2583: Cannot find name 'Set'. Do you need to change your target library? Try changing the 'lib' compiler option to 'es2015' or later.
node_modules/motion-dom/dist/index.d.ts(2542,31): error TS2583: Cannot find name 'Set'. Do you need to change your target library? Try changing the 'lib' compiler option to 'es2015' or later.
node_modules/motion-dom/dist/index.d.ts(2551,31): error TS2583: Cannot find name 'Set'. Do you need to change your target library? Try changing the 'lib' compiler option to 'es2015' or later.
node_modules/motion-dom/dist/index.d.ts(2712,32): error TS2583: Cannot find name 'Set'. Do you need to change your target library? Try changing the 'lib' compiler option to 'es2015' or later.
node_modules/motion-dom/dist/index.d.ts(3120,14): error TS2583: Cannot find name 'Map'. Do you need to change your target library? Try changing the 'lib' compiler option to 'es2015' or later.
node_modules/postcss/lib/lazy-result.d.ts(53,38): error TS2339: Property 'finally' does not exist on type 'Promise<Result_<RootNode>>'.
node_modules/postcss/lib/lazy-result.d.ts(183,8): error TS2585: 'Symbol' only refers to a type, but is being used as a value here. Do you need to change your target library? Try changing the 'lib' compiler option to es2015 or later.
node_modules/postcss/lib/no-work-result.d.ts(27,34): error TS2339: Property 'finally' does not exist on type 'Promise<Result_<Root_>>'.
node_modules/postcss/lib/no-work-result.d.ts(41,8): error TS2585: 'Symbol' only refers to a type, but is being used as a value here. Do you need to change your target library? Try changing the 'lib' compiler option to es2015 or later.
node_modules/react-router-dom/dist/index.d.ts(1,69): error TS2307: Cannot find module 'react-router/dom' or its corresponding type declarations.
  There are types at 'C:/Users/EPHRAIM/Desktop/esk/node_modules/react-router/dist/development/dom-export.d.mts', but this result could not be resolved under your current 'moduleResolution' setting. Consider updating to 'node16', 'nodenext', or 'bundler'.
node_modules/react-router/dist/development/index-react-server-client-BKpa2trA.d.ts(187,81): error TS2583: Cannot find name 'Set'. Do you need to change your target library? Try changing the 'lib' compiler option to 'es2015' or later.
node_modules/react-router/dist/development/index-react-server-client-BKpa2trA.d.ts(188,284): error TS2583: Cannot find name 'Set'. Do you need to change your target library? Try changing the 'lib' compiler option to 'es2015' or later.
node_modules/react-router/dist/development/index.d.ts(4,8): error TS1259: Module '"C:/Users/EPHRAIM/Desktop/esk/node_modules/@types/react/index"' can only be default-imported using the 'esModuleInterop' flag
node_modules/react-router/dist/development/index.d.ts(1689,63): error TS2304: Cannot find name 'Iterable'.
node_modules/react-router/dist/development/routeModules-rOzWJJ9x.d.ts(364,5): error TS18028: Private identifiers are only available when targeting ECMAScript 2015 and higher.
node_modules/react-router/dist/development/routeModules-rOzWJJ9x.d.ts(369,24): error TS2583: Cannot find name 'Map'. Do you need to change your target library? Try changing the 'lib' compiler option to 'es2015' or later.
node_modules/react-router/dist/development/routeModules-rOzWJJ9x.d.ts(1231,32): error TS2583: Cannot find name 'Map'. Do you need to change your target library? Try changing the 'lib' compiler option to 'es2015' or later.
node_modules/react-router/dist/development/routeModules-rOzWJJ9x.d.ts(1289,15): error TS2583: Cannot find name 'Map'. Do you need to change your target library? Try changing the 'lib' compiler option to 'es2015' or later.
node_modules/react-router/dist/development/routeModules-rOzWJJ9x.d.ts(1293,15): error TS2583: Cannot find name 'Map'. Do you need to change your target library? Try changing the 'lib' compiler option to 'es2015' or later.
node_modules/react-router/dist/development/routeModules-rOzWJJ9x.d.ts(1655,30): error TS2583: Cannot find name 'Map'. Do you need to change your target library? Try changing the 'lib' compiler option to 'es2015' or later.
node_modules/react-router/dist/development/routeModules-rOzWJJ9x.d.ts(2662,6): error TS2456: Type alias 'Serializable' circularly references itself.
node_modules/react-router/dist/development/routeModules-rOzWJJ9x.d.ts(2664,44): error TS2583: Cannot find name 'Map'. Do you need to change your target library? Try changing the 'lib' compiler option to 'es2015' or later.
node_modules/react-router/dist/development/routeModules-rOzWJJ9x.d.ts(2664,78): error TS2583: Cannot find name 'Set'. Do you need to change your target library? Try changing the 'lib' compiler option to 'es2015' or later.
node_modules/react-router/dist/development/routeModules-rOzWJJ9x.d.ts(2706,214): error TS2583: Cannot find name 'Map'. Do you need to change your target library? Try changing the 'lib' compiler option to 'es2015' or later.
node_modules/react-router/dist/development/routeModules-rOzWJJ9x.d.ts(2706,238): error TS2583: Cannot find name 'Map'. Do you need to change your target library? Try changing the 'lib' compiler option to 'es2015' or later.
node_modules/react-router/dist/development/routeModules-rOzWJJ9x.d.ts(2706,282): error TS2304: Cannot find name 'ReadonlyMap'.
node_modules/react-router/dist/development/routeModules-rOzWJJ9x.d.ts(2706,314): error TS2304: Cannot find name 'ReadonlyMap'.
node_modules/react-router/dist/development/routeModules-rOzWJJ9x.d.ts(2706,366): error TS2583: Cannot find name 'Set'. Do you need to change your target library? Try changing the 'lib' compiler option to 'es2015' or later.
node_modules/react-router/dist/development/routeModules-rOzWJJ9x.d.ts(2706,381): error TS2583: Cannot find name 'Set'. Do you need to change your target library? Try changing the 'lib' compiler option to 'es2015' or later.
node_modules/react-router/dist/development/routeModules-rOzWJJ9x.d.ts(2706,411): error TS2304: Cannot find name 'ReadonlySet'.
node_modules/react-router/dist/development/routeModules-rOzWJJ9x.d.ts(2706,434): error TS2304: Cannot find name 'ReadonlySet'.
node_modules/rollup/dist/rollup.d.ts(244,22): error TS2304: Cannot find name 'IterableIterator'.
node_modules/rollup/dist/rollup.d.ts(577,22): error TS2304: Cannot find name 'IterableIterator'.
node_modules/vite/dist/node/index.d.ts(1,23): error TS2688: Cannot find type definition file for 'node'.
node_modules/vite/dist/node/index.d.ts(5,41): error TS2307: Cannot find module 'rollup/parseAst' or its corresponding type declarations.
  There are types at 'C:/Users/EPHRAIM/Desktop/esk/node_modules/rollup/dist/parseAst.d.ts', but this result could not be resolved under your current 'moduleResolution' setting. Consider updating to 'node16', 'nodenext', or 'bundler'.
node_modules/vite/dist/node/index.d.ts(6,23): error TS2307: Cannot find module 'node:http' or its corresponding type declarations.
node_modules/vite/dist/node/index.d.ts(7,119): error TS2307: Cannot find module 'node:http' or its corresponding type declarations.
node_modules/vite/dist/node/index.d.ts(8,35): error TS2307: Cannot find module 'node:http2' or its corresponding type declarations.
node_modules/vite/dist/node/index.d.ts(9,21): error TS2307: Cannot find module 'node:fs' or its corresponding type declarations.
node_modules/vite/dist/node/index.d.ts(10,25): error TS2307: Cannot find module 'node:events' or its corresponding type declarations.
node_modules/vite/dist/node/index.d.ts(11,30): error TS2307: Cannot find module 'node:events' or its corresponding type declarations.
node_modules/vite/dist/node/index.d.ts(12,76): error TS2307: Cannot find module 'node:https' or its corresponding type declarations.
node_modules/vite/dist/node/index.d.ts(13,22): error TS2307: Cannot find module 'node:net' or its corresponding type declarations.
node_modules/vite/dist/node/index.d.ts(14,22): error TS2307: Cannot find module 'node:url' or its corresponding type declarations.
node_modules/vite/dist/node/index.d.ts(15,21): error TS2307: Cannot find module 'node:url' or its corresponding type declarations.
node_modules/vite/dist/node/index.d.ts(16,25): error TS2307: Cannot find module 'node:stream' or its corresponding type declarations.
node_modules/vite/dist/node/index.d.ts(17,39): error TS2307: Cannot find module 'node:stream' or its corresponding type declarations.
node_modules/vite/dist/node/index.d.ts(20,38): error TS2307: Cannot find module 'node:tls' or its corresponding type declarations.
node_modules/vite/dist/node/index.d.ts(21,29): error TS2307: Cannot find module 'node:zlib' or its corresponding type declarations.
node_modules/vite/dist/node/index.d.ts(309,35): error TS2503: Cannot find namespace 'NodeJS'.
node_modules/vite/dist/node/index.d.ts(391,11): error TS2580: Cannot find name 'Buffer'. Do you need to install type definitions for node? Try `npm i --save-dev @types/node`.
node_modules/vite/dist/node/index.d.ts(822,16): error TS2583: Cannot find name 'Set'. Do you need to change your target library? Try changing the 'lib' compiler option to 'es2015' or later.
node_modules/vite/dist/node/index.d.ts(823,28): error TS2583: Cannot find name 'Set'. Do you need to change your target library? Try changing the 'lib' compiler option to 'es2015' or later.
node_modules/vite/dist/node/index.d.ts(824,25): error TS2583: Cannot find name 'Set'. Do you need to change your target library? Try changing the 'lib' compiler option to 'es2015' or later.
node_modules/vite/dist/node/index.d.ts(825,22): error TS2583: Cannot find name 'Set'. Do you need to change your target library? Try changing the 'lib' compiler option to 'es2015' or later.
node_modules/vite/dist/node/index.d.ts(826,25): error TS2583: Cannot find name 'Set'. Do you need to change your target library? Try changing the 'lib' compiler option to 'es2015' or later.
node_modules/vite/dist/node/index.d.ts(827,23): error TS2583: Cannot find name 'Map'. Do you need to change your target library? Try changing the 'lib' compiler option to 'es2015' or later.
node_modules/vite/dist/node/index.d.ts(827,35): error TS2583: Cannot find name 'Set'. Do you need to change your target library? Try changing the 'lib' compiler option to 'es2015' or later.
node_modules/vite/dist/node/index.d.ts(839,28): error TS2583: Cannot find name 'Set'. Do you need to change your target library? Try changing the 'lib' compiler option to 'es2015' or later.
node_modules/vite/dist/node/index.d.ts(848,21): error TS2583: Cannot find name 'Map'. Do you need to change your target library? Try changing the 'lib' compiler option to 'es2015' or later.
node_modules/vite/dist/node/index.d.ts(849,20): error TS2583: Cannot find name 'Map'. Do you need to change your target library? Try changing the 'lib' compiler option to 'es2015' or later.
node_modules/vite/dist/node/index.d.ts(850,22): error TS2583: Cannot find name 'Map'. Do you need to change your target library? Try changing the 'lib' compiler option to 'es2015' or later.
node_modules/vite/dist/node/index.d.ts(851,23): error TS2583: Cannot find name 'Map'. Do you need to change your target library? Try changing the 'lib' compiler option to 'es2015' or later.
node_modules/vite/dist/node/index.d.ts(851,35): error TS2583: Cannot find name 'Set'. Do you need to change your target library? Try changing the 'lib' compiler option to 'es2015' or later.
node_modules/vite/dist/node/index.d.ts(852,22): error TS2583: Cannot find name 'Set'. Do you need to change your target library? Try changing the 'lib' compiler option to 'es2015' or later.
node_modules/vite/dist/node/index.d.ts(856,37): error TS2583: Cannot find name 'Set'. Do you need to change your target library? Try changing the 'lib' compiler option to 'es2015' or later.
node_modules/vite/dist/node/index.d.ts(859,46): error TS2583: Cannot find name 'Set'. Do you need to change your target library? Try changing the 'lib' compiler option to 'es2015' or later.
node_modules/vite/dist/node/index.d.ts(870,56): error TS2583: Cannot find name 'Set'. Do you need to change your target library? Try changing the 'lib' compiler option to 'es2015' or later.
node_modules/vite/dist/node/index.d.ts(870,100): error TS2583: Cannot find name 'Map'. Do you need to change your target library? Try changing the 'lib' compiler option to 'es2015' or later.
node_modules/vite/dist/node/index.d.ts(870,112): error TS2583: Cannot find name 'Set'. Do you need to change your target library? Try changing the 'lib' compiler option to 'es2015' or later.
node_modules/vite/dist/node/index.d.ts(870,150): error TS2583: Cannot find name 'Set'. Do you need to change your target library? Try changing the 'lib' compiler option to 'es2015' or later.
node_modules/vite/dist/node/index.d.ts(870,193): error TS2583: Cannot find name 'Set'. Do you need to change your target library? Try changing the 'lib' compiler option to 'es2015' or later.
node_modules/vite/dist/node/index.d.ts(871,16): error TS2583: Cannot find name 'Set'. Do you need to change your target library? Try changing the 'lib' compiler option to 'es2015' or later.
node_modules/vite/dist/node/index.d.ts(898,17): error TS2583: Cannot find name 'Set'. Do you need to change your target library? Try changing the 'lib' compiler option to 'es2015' or later.
node_modules/vite/dist/node/index.d.ts(912,16): error TS2583: Cannot find name 'Set'. Do you need to change your target library? Try changing the 'lib' compiler option to 'es2015' or later.
node_modules/vite/dist/node/index.d.ts(990,40): error TS2580: Cannot find name 'Buffer'. Do you need to install type definitions for node? Try `npm i --save-dev @types/node`.
node_modules/vite/dist/node/index.d.ts(1060,55): error TS2580: Cannot find name 'Buffer'. Do you need to install type definitions for node? Try `npm i --save-dev @types/node`.
node_modules/vite/dist/node/index.d.ts(1078,39): error TS2580: Cannot find name 'Buffer'. Do you need to install type definitions for node? Try `npm i --save-dev @types/node`.
node_modules/vite/dist/node/index.d.ts(1095,55): error TS2580: Cannot find name 'Buffer'. Do you need to install type definitions for node? Try `npm i --save-dev @types/node`.
node_modules/vite/dist/node/index.d.ts(1113,39): error TS2580: Cannot find name 'Buffer'. Do you need to install type definitions for node? Try `npm i --save-dev @types/node`.
node_modules/vite/dist/node/index.d.ts(1130,55): error TS2580: Cannot find name 'Buffer'. Do you need to install type definitions for node? Try `npm i --save-dev @types/node`.
node_modules/vite/dist/node/index.d.ts(1148,39): error TS2580: Cannot find name 'Buffer'. Do you need to install type definitions for node? Try `npm i --save-dev @types/node`.
node_modules/vite/dist/node/index.d.ts(1165,38): error TS2580: Cannot find name 'Buffer'. Do you need to install type definitions for node? Try `npm i --save-dev @types/node`.
node_modules/vite/dist/node/index.d.ts(1177,56): error TS2580: Cannot find name 'Buffer'. Do you need to install type definitions for node? Try `npm i --save-dev @types/node`.
node_modules/vite/dist/node/index.d.ts(1186,38): error TS2580: Cannot find name 'Buffer'. Do you need to install type definitions for node? Try `npm i --save-dev @types/node`.
node_modules/vite/dist/node/index.d.ts(1198,59): error TS2580: Cannot find name 'Buffer'. Do you need to install type definitions for node? Try `npm i --save-dev @types/node`.
node_modules/vite/dist/node/index.d.ts(1213,18): error TS2580: Cannot find name 'Buffer'. Do you need to install type definitions for node? Try `npm i --save-dev @types/node`.
node_modules/vite/dist/node/index.d.ts(1213,41): error TS2580: Cannot find name 'Buffer'. Do you need to install type definitions for node? Try `npm i --save-dev @types/node`.
node_modules/vite/dist/node/index.d.ts(1218,24): error TS2580: Cannot find name 'Buffer'. Do you need to install type definitions for node? Try `npm i --save-dev @types/node`.
node_modules/vite/dist/node/index.d.ts(1218,47): error TS2580: Cannot find name 'Buffer'. Do you need to install type definitions for node? Try `npm i --save-dev @types/node`.
node_modules/vite/dist/node/index.d.ts(1223,39): error TS2580: Cannot find name 'Buffer'. Do you need to install type definitions for node? Try `npm i --save-dev @types/node`.
node_modules/vite/dist/node/index.d.ts(1223,48): error TS2580: Cannot find name 'Buffer'. Do you need to install type definitions for node? Try `npm i --save-dev @types/node`.
node_modules/vite/dist/node/index.d.ts(1254,25): error TS2580: Cannot find name 'Buffer'. Do you need to install type definitions for node? Try `npm i --save-dev @types/node`.
node_modules/vite/dist/node/index.d.ts(1285,24): error TS2580: Cannot find name 'Buffer'. Do you need to install type definitions for node? Try `npm i --save-dev @types/node`.
node_modules/vite/dist/node/index.d.ts(1285,33): error TS2580: Cannot find name 'Buffer'. Do you need to install type definitions for node? Try `npm i --save-dev @types/node`.
node_modules/vite/dist/node/index.d.ts(1334,18): error TS2583: Cannot find name 'Set'. Do you need to change your target library? Try changing the 'lib' compiler option to 'es2015' or later.
node_modules/vite/dist/node/index.d.ts(1356,14): error TS2583: Cannot find name 'Set'. Do you need to change your target library? Try changing the 'lib' compiler option to 'es2015' or later.
node_modules/vite/dist/node/index.d.ts(1365,20): error TS2580: Cannot find name 'Buffer'. Do you need to install type definitions for node? Try `npm i --save-dev @types/node`.
node_modules/vite/dist/node/index.d.ts(1553,14): error TS2583: Cannot find name 'Set'. Do you need to change your target library? Try changing the 'lib' compiler option to 'es2015' or later.
node_modules/vite/dist/node/index.d.ts(1830,21): error TS2583: Cannot find name 'Map'. Do you need to change your target library? Try changing the 'lib' compiler option to 'es2015' or later.
node_modules/vite/dist/node/index.d.ts(2377,63): error TS2580: Cannot find name 'Buffer'. Do you need to install type definitions for node? Try `npm i --save-dev @types/node`.
node_modules/vite/dist/node/index.d.ts(2969,12): error TS2583: Cannot find name 'Set'. Do you need to change your target library? Try changing the 'lib' compiler option to 'es2015' or later.
node_modules/vite/dist/node/index.d.ts(3479,12): error TS2583: Cannot find name 'Map'. Do you need to change your target library? Try changing the 'lib' compiler option to 'es2015' or later.
node_modules/vite/dist/node/index.d.ts(3514,84): error TS2580: Cannot find name 'Buffer'. Do you need to install type definitions for node? Try `npm i --save-dev @types/node`.
node_modules/vite/dist/node/runtime.d.ts(20,18): error TS2583: Cannot find name 'Set'. Do you need to change your target library? Try changing the 'lib' compiler option to 'es2015' or later.
node_modules/vite/dist/node/types.d-aGj9QkWt.d.ts(5,27): error TS2583: Cannot find name 'Map'. Do you need to change your target library? Try changing the 'lib' compiler option to 'es2015' or later.
node_modules/vite/dist/node/types.d-aGj9QkWt.d.ts(38,20): error TS2583: Cannot find name 'Map'. Do you need to change your target library? Try changing the 'lib' compiler option to 'es2015' or later.
node_modules/vite/dist/node/types.d-aGj9QkWt.d.ts(39,17): error TS2583: Cannot find name 'Map'. Do you need to change your target library? Try changing the 'lib' compiler option to 'es2015' or later.
node_modules/vite/dist/node/types.d-aGj9QkWt.d.ts(40,15): error TS2583: Cannot find name 'Map'. Do you need to change your target library? Try changing the 'lib' compiler option to 'es2015' or later.
node_modules/vite/dist/node/types.d-aGj9QkWt.d.ts(41,14): error TS2583: Cannot find name 'Map'. Do you need to change your target library? Try changing the 'lib' compiler option to 'es2015' or later.
node_modules/vite/dist/node/types.d-aGj9QkWt.d.ts(43,24): error TS2583: Cannot find name 'Map'. Do you need to change your target library? Try changing the 'lib' compiler option to 'es2015' or later.
node_modules/vite/dist/node/types.d-aGj9QkWt.d.ts(101,38): error TS2583: Cannot find name 'Map'. Do you need to change your target library? Try changing the 'lib' compiler option to 'es2015' or later.
node_modules/vite/dist/node/types.d-aGj9QkWt.d.ts(119,15): error TS2583: Cannot find name 'Set'. Do you need to change your target library? Try changing the 'lib' compiler option to 'es2015' or later.
node_modules/vite/dist/node/types.d-aGj9QkWt.d.ts(123,39): error TS2583: Cannot find name 'Set'. Do you need to change your target library? Try changing the 'lib' compiler option to 'es2015' or later.
node_modules/vite/dist/node/types.d-aGj9QkWt.d.ts(123,66): error TS2583: Cannot find name 'Set'. Do you need to change your target library? Try changing the 'lib' compiler option to 'es2015' or later.
node_modules/vite/dist/node/types.d-aGj9QkWt.d.ts(123,80): error TS2583: Cannot find name 'Set'. Do you need to change your target library? Try changing the 'lib' compiler option to 'es2015' or later.
node_modules/vite/dist/node/types.d-aGj9QkWt.d.ts(127,42): error TS2583: Cannot find name 'Set'. Do you need to change your target library? Try changing the 'lib' compiler option to 'es2015' or later.
node_modules/vite/dist/node/types.d-aGj9QkWt.d.ts(127,69): error TS2583: Cannot find name 'Set'. Do you need to change your target library? Try changing the 'lib' compiler option to 'es2015' or later.
node_modules/vite/dist/node/types.d-aGj9QkWt.d.ts(127,83): error TS2583: Cannot find name 'Set'. Do you need to change your target library? Try changing the 'lib' compiler option to 'es2015' or later.
node_modules/vite/dist/node/types.d-aGj9QkWt.d.ts(197,17): error TS2583: Cannot find name 'Set'. Do you need to change your target library? Try changing the 'lib' compiler option to 'es2015' or later.
node_modules/vite/dist/node/types.d-aGj9QkWt.d.ts(198,15): error TS2583: Cannot find name 'Set'. Do you need to change your target library? Try changing the 'lib' compiler option to 'es2015' or later.
node_modules/vite/types/hot.d.ts(4,3): error TS1170: A computed property name in a type literal must refer to an expression whose type is a literal type or a 'unique symbol' type.
node_modules/vite/types/hot.d.ts(4,4): error TS2585: 'Symbol' only refers to a type, but is being used as a value here. Do you need to change your target library? Try changing the 'lib' compiler option to es2015 or later.
node_modules/vite/types/metadata.d.ts(2,19): error TS2583: Cannot find name 'Set'. Do you need to change your target library? Try changing the 'lib' compiler option to 'es2015' or later.
node_modules/vite/types/metadata.d.ts(3,16): error TS2583: Cannot find name 'Set'. Do you need to change your target library? Try changing the 'lib' compiler option to 'es2015' or later.
src/App.tsx(1,8): error TS1259: Module '"C:/Users/EPHRAIM/Desktop/esk/node_modules/@types/react/index"' can only be default-imported using the 'esModuleInterop' flag
src/App.tsx(3,20): error TS6142: Module './components/Navbar' was resolved to 'C:/Users/EPHRAIM/Desktop/esk/src/components/Navbar.tsx', but '--jsx' is not set.
src/App.tsx(4,20): error TS6142: Module './components/Footer' was resolved to 'C:/Users/EPHRAIM/Desktop/esk/src/components/Footer.tsx', but '--jsx' is not set.
src/App.tsx(5,18): error TS6142: Module './pages/Home' was resolved to 'C:/Users/EPHRAIM/Desktop/esk/src/pages/Home.tsx', but '--jsx' is not set.
src/App.tsx(6,19): error TS6142: Module './pages/About' was resolved to 'C:/Users/EPHRAIM/Desktop/esk/src/pages/About.tsx', but '--jsx' is not set.
src/App.tsx(7,30): error TS5097: An import path can only end with a '.tsx' extension when 'allowImportingTsExtensions' is enabled.
src/App.tsx(7,30): error TS6142: Module './pages/InternetServices.tsx' was resolved to 'C:/Users/EPHRAIM/Desktop/esk/src/pages/InternetServices.tsx', but '--jsx' is not set.
src/App.tsx(8,27): error TS6142: Module './pages/CloudServices' was resolved to 'C:/Users/EPHRAIM/Desktop/esk/src/pages/CloudServices.tsx', but '--jsx' is not set.
src/App.tsx(9,26): error TS6142: Module './pages/Connectivity' was resolved to 'C:/Users/EPHRAIM/Desktop/esk/src/pages/Connectivity.tsx', but '--jsx' is not set.
src/App.tsx(10,22): error TS6142: Module './pages/Services' was resolved to 'C:/Users/EPHRAIM/Desktop/esk/src/pages/Services.tsx', but '--jsx' is not set.
src/App.tsx(11,23): error TS6142: Module './pages/Portfolio' was resolved to 'C:/Users/EPHRAIM/Desktop/esk/src/pages/Portfolio.tsx', but '--jsx' is not set.
src/App.tsx(12,21): error TS6142: Module './pages/Contact' was resolved to 'C:/Users/EPHRAIM/Desktop/esk/src/pages/Contact.tsx', but '--jsx' is not set.
src/App.tsx(13,36): error TS6142: Module './pages/ContactCenterSolutions' was resolved to 'C:/Users/EPHRAIM/Desktop/esk/src/pages/ContactCenterSolutions.tsx', but '--jsx' is not set.
src/App.tsx(17,5): error TS17004: Cannot use JSX unless the '--jsx' flag is provided.
src/App.tsx(18,7): error TS17004: Cannot use JSX unless the '--jsx' flag is provided.
src/App.tsx(19,9): error TS17004: Cannot use JSX unless the '--jsx' flag is provided.
src/App.tsx(20,9): error TS17004: Cannot use JSX unless the '--jsx' flag is provided.
src/App.tsx(21,11): error TS17004: Cannot use JSX unless the '--jsx' flag is provided.
src/App.tsx(21,36): error TS17004: Cannot use JSX unless the '--jsx' flag is provided.
src/App.tsx(22,11): error TS17004: Cannot use JSX unless the '--jsx' flag is provided.
src/App.tsx(22,41): error TS17004: Cannot use JSX unless the '--jsx' flag is provided.
src/App.tsx(23,11): error TS17004: Cannot use JSX unless the '--jsx' flag is provided.
src/App.tsx(23,44): error TS17004: Cannot use JSX unless the '--jsx' flag is provided.
src/App.tsx(24,11): error TS17004: Cannot use JSX unless the '--jsx' flag is provided.
src/App.tsx(24,45): error TS17004: Cannot use JSX unless the '--jsx' flag is provided.
src/App.tsx(25,11): error TS17004: Cannot use JSX unless the '--jsx' flag is provided.
src/App.tsx(25,43): error TS17004: Cannot use JSX unless the '--jsx' flag is provided.
src/App.tsx(26,11): error TS17004: Cannot use JSX unless the '--jsx' flag is provided.
src/App.tsx(26,53): error TS17004: Cannot use JSX unless the '--jsx' flag is provided.
src/App.tsx(27,11): error TS17004: Cannot use JSX unless the '--jsx' flag is provided.
src/App.tsx(27,50): error TS17004: Cannot use JSX unless the '--jsx' flag is provided.
src/App.tsx(28,11): error TS17004: Cannot use JSX unless the '--jsx' flag is provided.
src/App.tsx(28,48): error TS17004: Cannot use JSX unless the '--jsx' flag is provided.
src/App.tsx(29,11): error TS17004: Cannot use JSX unless the '--jsx' flag is provided.
src/App.tsx(29,60): error TS17004: Cannot use JSX unless the '--jsx' flag is provided.
src/App.tsx(31,9): error TS17004: Cannot use JSX unless the '--jsx' flag is provided.
src/components/Footer.tsx(1,8): error TS1259: Module '"C:/Users/EPHRAIM/Desktop/esk/node_modules/@types/react/index"' can only be default-imported using the 'esModuleInterop' flag
src/components/Footer.tsx(9,5): error TS17004: Cannot use JSX unless the '--jsx' flag is provided.
src/components/Footer.tsx(10,7): error TS17004: Cannot use JSX unless the '--jsx' flag is provided.
src/components/Footer.tsx(11,9): error TS17004: Cannot use JSX unless the '--jsx' flag is provided.
src/components/Footer.tsx(13,11): error TS17004: Cannot use JSX unless the '--jsx' flag is provided.
src/components/Footer.tsx(14,13): error TS17004: Cannot use JSX unless the '--jsx' flag is provided.
src/components/Footer.tsx(15,15): error TS17004: Cannot use JSX unless the '--jsx' flag is provided.
src/components/Footer.tsx(16,15): error TS17004: Cannot use JSX unless the '--jsx' flag is provided.
src/components/Footer.tsx(18,13): error TS17004: Cannot use JSX unless the '--jsx' flag is provided.
src/components/Footer.tsx(21,13): error TS17004: Cannot use JSX unless the '--jsx' flag is provided.
src/components/Footer.tsx(22,15): error TS17004: Cannot use JSX unless the '--jsx' flag is provided.
src/components/Footer.tsx(23,17): error TS17004: Cannot use JSX unless the '--jsx' flag is provided.
src/components/Footer.tsx(25,15): error TS17004: Cannot use JSX unless the '--jsx' flag is provided.
src/components/Footer.tsx(26,17): error TS17004: Cannot use JSX unless the '--jsx' flag is provided.
src/components/Footer.tsx(28,15): error TS17004: Cannot use JSX unless the '--jsx' flag is provided.
src/components/Footer.tsx(29,17): error TS17004: Cannot use JSX unless the '--jsx' flag is provided.
src/components/Footer.tsx(31,15): error TS17004: Cannot use JSX unless the '--jsx' flag is provided.
src/components/Footer.tsx(32,17): error TS17004: Cannot use JSX unless the '--jsx' flag is provided.
src/components/Footer.tsx(38,11): error TS17004: Cannot use JSX unless the '--jsx' flag is provided.
src/components/Footer.tsx(39,13): error TS17004: Cannot use JSX unless the '--jsx' flag is provided.
src/components/Footer.tsx(40,13): error TS17004: Cannot use JSX unless the '--jsx' flag is provided.
src/components/Footer.tsx(41,15): error TS17004: Cannot use JSX unless the '--jsx' flag is provided.
src/components/Footer.tsx(42,17): error TS17004: Cannot use JSX unless the '--jsx' flag is provided.
src/components/Footer.tsx(46,15): error TS17004: Cannot use JSX unless the '--jsx' flag is provided.
src/components/Footer.tsx(47,17): error TS17004: Cannot use JSX unless the '--jsx' flag is provided.
src/components/Footer.tsx(51,15): error TS17004: Cannot use JSX unless the '--jsx' flag is provided.
src/components/Footer.tsx(52,17): error TS17004: Cannot use JSX unless the '--jsx' flag is provided.
src/components/Footer.tsx(56,15): error TS17004: Cannot use JSX unless the '--jsx' flag is provided.
src/components/Footer.tsx(57,17): error TS17004: Cannot use JSX unless the '--jsx' flag is provided.
src/components/Footer.tsx(65,11): error TS17004: Cannot use JSX unless the '--jsx' flag is provided.
src/components/Footer.tsx(66,13): error TS17004: Cannot use JSX unless the '--jsx' flag is provided.
src/components/Footer.tsx(67,13): error TS17004: Cannot use JSX unless the '--jsx' flag is provided.
src/components/Footer.tsx(68,15): error TS17004: Cannot use JSX unless the '--jsx' flag is provided.
src/components/Footer.tsx(69,15): error TS17004: Cannot use JSX unless the '--jsx' flag is provided.
src/components/Footer.tsx(70,15): error TS17004: Cannot use JSX unless the '--jsx' flag is provided.
src/components/Footer.tsx(71,15): error TS17004: Cannot use JSX unless the '--jsx' flag is provided.
src/components/Footer.tsx(76,11): error TS17004: Cannot use JSX unless the '--jsx' flag is provided.
src/components/Footer.tsx(77,13): error TS17004: Cannot use JSX unless the '--jsx' flag is provided.
src/components/Footer.tsx(78,13): error TS17004: Cannot use JSX unless the '--jsx' flag is provided.
src/components/Footer.tsx(79,15): error TS17004: Cannot use JSX unless the '--jsx' flag is provided.
src/components/Footer.tsx(80,17): error TS17004: Cannot use JSX unless the '--jsx' flag is provided.
src/components/Footer.tsx(81,17): error TS17004: Cannot use JSX unless the '--jsx' flag is provided.
src/components/Footer.tsx(83,15): error TS17004: Cannot use JSX unless the '--jsx' flag is provided.
src/components/Footer.tsx(84,17): error TS17004: Cannot use JSX unless the '--jsx' flag is provided.
src/components/Footer.tsx(85,17): error TS17004: Cannot use JSX unless the '--jsx' flag is provided.
src/components/Footer.tsx(87,15): error TS17004: Cannot use JSX unless the '--jsx' flag is provided.
src/components/Footer.tsx(88,17): error TS17004: Cannot use JSX unless the '--jsx' flag is provided.
src/components/Footer.tsx(89,17): error TS17004: Cannot use JSX unless the '--jsx' flag is provided.
src/components/Footer.tsx(95,9): error TS17004: Cannot use JSX unless the '--jsx' flag is provided.
src/components/Footer.tsx(96,11): error TS17004: Cannot use JSX unless the '--jsx' flag is provided.
src/components/Footer.tsx(97,13): error TS17004: Cannot use JSX unless the '--jsx' flag is provided.
src/components/Footer.tsx(100,13): error TS17004: Cannot use JSX unless the '--jsx' flag is provided.
src/components/Footer.tsx(101,15): error TS17004: Cannot use JSX unless the '--jsx' flag is provided.
src/components/Footer.tsx(104,15): error TS17004: Cannot use JSX unless the '--jsx' flag is provided.
src/components/Navbar.tsx(1,8): error TS1259: Module '"C:/Users/EPHRAIM/Desktop/esk/node_modules/@types/react/index"' can only be default-imported using the 'esModuleInterop' flag
src/components/Navbar.tsx(29,5): error TS17004: Cannot use JSX unless the '--jsx' flag is provided.
src/components/Navbar.tsx(34,7): error TS17004: Cannot use JSX unless the '--jsx' flag is provided.
src/components/Navbar.tsx(35,9): error TS17004: Cannot use JSX unless the '--jsx' flag is provided.
src/components/Navbar.tsx(37,11): error TS17004: Cannot use JSX unless the '--jsx' flag is provided.
src/components/Navbar.tsx(41,13): error TS17004: Cannot use JSX unless the '--jsx' flag is provided.
src/components/Navbar.tsx(42,13): error TS17004: Cannot use JSX unless the '--jsx' flag is provided.
src/components/Navbar.tsx(48,11): error TS17004: Cannot use JSX unless the '--jsx' flag is provided.
src/components/Navbar.tsx(49,13): error TS17004: Cannot use JSX unless the '--jsx' flag is provided.
src/components/Navbar.tsx(51,17): error TS17004: Cannot use JSX unless the '--jsx' flag is provided.
src/components/Navbar.tsx(62,21): error TS17004: Cannot use JSX unless the '--jsx' flag is provided.
src/components/Navbar.tsx(70,11): error TS17004: Cannot use JSX unless the '--jsx' flag is provided.
src/components/Navbar.tsx(71,13): error TS17004: Cannot use JSX unless the '--jsx' flag is provided.
src/components/Navbar.tsx(75,25): error TS17004: Cannot use JSX unless the '--jsx' flag is provided.
src/components/Navbar.tsx(75,53): error TS17004: Cannot use JSX unless the '--jsx' flag is provided.
src/components/Navbar.tsx(83,9): error TS17004: Cannot use JSX unless the '--jsx' flag is provided.
src/components/Navbar.tsx(84,11): error TS17004: Cannot use JSX unless the '--jsx' flag is provided.
src/components/Navbar.tsx(86,15): error TS17004: Cannot use JSX unless the '--jsx' flag is provided.
src/components/ui/Button.tsx(11,7): error TS17004: Cannot use JSX unless the '--jsx' flag is provided.
src/components/ui/Card.tsx(13,3): error TS17004: Cannot use JSX unless the '--jsx' flag is provided.
src/components/ui/Card.tsx(26,3): error TS17004: Cannot use JSX unless the '--jsx' flag is provided.
src/components/ui/Card.tsx(39,3): error TS17004: Cannot use JSX unless the '--jsx' flag is provided.
src/components/ui/Card.tsx(52,3): error TS17004: Cannot use JSX unless the '--jsx' flag is provided.
src/components/ui/Card.tsx(65,3): error TS17004: Cannot use JSX unless the '--jsx' flag is provided.
src/components/ui/Card.tsx(74,3): error TS17004: Cannot use JSX unless the '--jsx' flag is provided.
src/main.tsx(3,17): error TS5097: An import path can only end with a '.tsx' extension when 'allowImportingTsExtensions' is enabled.
src/main.tsx(3,17): error TS6142: Module './App.tsx' was resolved to 'C:/Users/EPHRAIM/Desktop/esk/src/App.tsx', but '--jsx' is not set.
src/main.tsx(7,3): error TS17004: Cannot use JSX unless the '--jsx' flag is provided.
src/main.tsx(8,5): error TS17004: Cannot use JSX unless the '--jsx' flag is provided.
src/pages/About.tsx(1,8): error TS1259: Module '"C:/Users/EPHRAIM/Desktop/esk/node_modules/@types/react/index"' can only be default-imported using the 'esModuleInterop' flag
src/pages/About.tsx(6,5): error TS17004: Cannot use JSX unless the '--jsx' flag is provided.
src/pages/About.tsx(7,7): error TS17004: Cannot use JSX unless the '--jsx' flag is provided.
src/pages/About.tsx(13,9): error TS17004: Cannot use JSX unless the '--jsx' flag is provided.
src/pages/About.tsx(14,9): error TS17004: Cannot use JSX unless the '--jsx' flag is provided.
src/pages/About.tsx(16,9): error TS17004: Cannot use JSX unless the '--jsx' flag is provided.
src/pages/About.tsx(17,11): error TS17004: Cannot use JSX unless the '--jsx' flag is provided.
src/pages/About.tsx(18,11): error TS17004: Cannot use JSX unless the '--jsx' flag is provided.
src/pages/CloudServices.tsx(1,8): error TS1259: Module '"C:/Users/EPHRAIM/Desktop/esk/node_modules/@types/react/index"' can only be default-imported using the 'esModuleInterop' flag
src/pages/CloudServices.tsx(5,5): error TS17004: Cannot use JSX unless the '--jsx' flag is provided.
src/pages/CloudServices.tsx(6,7): error TS17004: Cannot use JSX unless the '--jsx' flag is provided.
src/pages/Connectivity.tsx(1,8): error TS1259: Module '"C:/Users/EPHRAIM/Desktop/esk/node_modules/@types/react/index"' can only be default-imported using the 'esModuleInterop' flag
src/pages/Connectivity.tsx(6,5): error TS17004: Cannot use JSX unless the '--jsx' flag is provided.
src/pages/Connectivity.tsx(7,7): error TS17004: Cannot use JSX unless the '--jsx' flag is provided.
src/pages/Connectivity.tsx(13,9): error TS17004: Cannot use JSX unless the '--jsx' flag is provided.
src/pages/Connectivity.tsx(14,9): error TS17004: Cannot use JSX unless the '--jsx' flag is provided.
src/pages/Connectivity.tsx(16,9): error TS17004: Cannot use JSX unless the '--jsx' flag is provided.
src/pages/Connectivity.tsx(17,11): error TS17004: Cannot use JSX unless the '--jsx' flag is provided.
src/pages/Connectivity.tsx(18,13): error TS17004: Cannot use JSX unless the '--jsx' flag is provided.
src/pages/Connectivity.tsx(19,13): error TS17004: Cannot use JSX unless the '--jsx' flag is provided.
src/pages/Connectivity.tsx(22,11): error TS17004: Cannot use JSX unless the '--jsx' flag is provided.
src/pages/Connectivity.tsx(23,13): error TS17004: Cannot use JSX unless the '--jsx' flag is provided.
src/pages/Connectivity.tsx(24,13): error TS17004: Cannot use JSX unless the '--jsx' flag is provided.
src/pages/Contact.tsx(1,8): error TS1259: Module '"C:/Users/EPHRAIM/Desktop/esk/node_modules/@types/react/index"' can only be default-imported using the 'esModuleInterop' flag
src/pages/Contact.tsx(41,13): error TS17004: Cannot use JSX unless the '--jsx' flag is provided.
src/pages/Contact.tsx(47,13): error TS17004: Cannot use JSX unless the '--jsx' flag is provided.
src/pages/Contact.tsx(53,13): error TS17004: Cannot use JSX unless the '--jsx' flag is provided.
src/pages/Contact.tsx(59,13): error TS17004: Cannot use JSX unless the '--jsx' flag is provided.
src/pages/Contact.tsx(68,7): error TS17004: Cannot use JSX unless the '--jsx' flag is provided.
src/pages/Contact.tsx(69,9): error TS17004: Cannot use JSX unless the '--jsx' flag is provided.
src/pages/Contact.tsx(70,11): error TS17004: Cannot use JSX unless the '--jsx' flag is provided.
src/pages/Contact.tsx(71,11): error TS17004: Cannot use JSX unless the '--jsx' flag is provided.
src/pages/Contact.tsx(72,11): error TS17004: Cannot use JSX unless the '--jsx' flag is provided.
src/pages/Contact.tsx(75,11): error TS17004: Cannot use JSX unless the '--jsx' flag is provided.
src/pages/Contact.tsx(87,5): error TS17004: Cannot use JSX unless the '--jsx' flag is provided.
src/pages/Contact.tsx(89,7): error TS17004: Cannot use JSX unless the '--jsx' flag is provided.
src/pages/Contact.tsx(90,9): error TS17004: Cannot use JSX unless the '--jsx' flag is provided.
src/pages/Contact.tsx(91,11): error TS17004: Cannot use JSX unless the '--jsx' flag is provided.
src/pages/Contact.tsx(94,11): error TS17004: Cannot use JSX unless the '--jsx' flag is provided.
src/pages/Contact.tsx(101,7): error TS17004: Cannot use JSX unless the '--jsx' flag is provided.
src/pages/Contact.tsx(102,9): error TS17004: Cannot use JSX unless the '--jsx' flag is provided.
src/pages/Contact.tsx(103,11): error TS17004: Cannot use JSX unless the '--jsx' flag is provided.
src/pages/Contact.tsx(105,15): error TS17004: Cannot use JSX unless the '--jsx' flag is provided.
src/pages/Contact.tsx(109,17): error TS17004: Cannot use JSX unless the '--jsx' flag is provided.
src/pages/Contact.tsx(112,17): error TS17004: Cannot use JSX unless the '--jsx' flag is provided.
src/pages/Contact.tsx(115,17): error TS17004: Cannot use JSX unless the '--jsx' flag is provided.
src/pages/Contact.tsx(118,17): error TS17004: Cannot use JSX unless the '--jsx' flag is provided.
src/pages/Contact.tsx(126,11): error TS17004: Cannot use JSX unless the '--jsx' flag is provided.
src/pages/Contact.tsx(127,13): error TS17004: Cannot use JSX unless the '--jsx' flag is provided.
src/pages/Contact.tsx(128,15): error TS17004: Cannot use JSX unless the '--jsx' flag is provided.
src/pages/Contact.tsx(131,15): error TS17004: Cannot use JSX unless the '--jsx' flag is provided.
src/pages/Contact.tsx(136,15): error TS17004: Cannot use JSX unless the '--jsx' flag is provided.
src/pages/Contact.tsx(137,17): error TS17004: Cannot use JSX unless the '--jsx' flag is provided.
src/pages/Contact.tsx(138,19): error TS17004: Cannot use JSX unless the '--jsx' flag is provided.
src/pages/Contact.tsx(139,21): error TS17004: Cannot use JSX unless the '--jsx' flag is provided.
src/pages/Contact.tsx(141,19): error TS17004: Cannot use JSX unless the '--jsx' flag is provided.
src/pages/Contact.tsx(142,21): error TS17004: Cannot use JSX unless the '--jsx' flag is provided.
src/pages/Contact.tsx(143,21): error TS17004: Cannot use JSX unless the '--jsx' flag is provided.
src/pages/Contact.tsx(146,17): error TS17004: Cannot use JSX unless the '--jsx' flag is provided.
src/pages/Contact.tsx(147,19): error TS17004: Cannot use JSX unless the '--jsx' flag is provided.
src/pages/Contact.tsx(148,21): error TS17004: Cannot use JSX unless the '--jsx' flag is provided.
src/pages/Contact.tsx(150,19): error TS17004: Cannot use JSX unless the '--jsx' flag is provided.
src/pages/Contact.tsx(151,21): error TS17004: Cannot use JSX unless the '--jsx' flag is provided.
src/pages/Contact.tsx(152,21): error TS17004: Cannot use JSX unless the '--jsx' flag is provided.
src/pages/Contact.tsx(155,17): error TS17004: Cannot use JSX unless the '--jsx' flag is provided.
src/pages/Contact.tsx(156,19): error TS17004: Cannot use JSX unless the '--jsx' flag is provided.
src/pages/Contact.tsx(157,21): error TS17004: Cannot use JSX unless the '--jsx' flag is provided.
src/pages/Contact.tsx(159,19): error TS17004: Cannot use JSX unless the '--jsx' flag is provided.
src/pages/Contact.tsx(160,21): error TS17004: Cannot use JSX unless the '--jsx' flag is provided.
src/pages/Contact.tsx(161,21): error TS17004: Cannot use JSX unless the '--jsx' flag is provided.
src/pages/Contact.tsx(167,13): error TS17004: Cannot use JSX unless the '--jsx' flag is provided.
src/pages/Contact.tsx(168,15): error TS17004: Cannot use JSX unless the '--jsx' flag is provided.
src/pages/Contact.tsx(169,17): error TS17004: Cannot use JSX unless the '--jsx' flag is provided.
src/pages/Contact.tsx(170,19): error TS17004: Cannot use JSX unless the '--jsx' flag is provided.
src/pages/Contact.tsx(171,21): error TS17004: Cannot use JSX unless the '--jsx' flag is provided.
src/pages/Contact.tsx(174,21): error TS17004: Cannot use JSX unless the '--jsx' flag is provided.
src/pages/Contact.tsx(185,19): error TS17004: Cannot use JSX unless the '--jsx' flag is provided.
src/pages/Contact.tsx(186,21): error TS17004: Cannot use JSX unless the '--jsx' flag is provided.
src/pages/Contact.tsx(189,21): error TS17004: Cannot use JSX unless the '--jsx' flag is provided.
src/pages/Contact.tsx(202,17): error TS17004: Cannot use JSX unless the '--jsx' flag is provided.
src/pages/Contact.tsx(203,19): error TS17004: Cannot use JSX unless the '--jsx' flag is provided.
src/pages/Contact.tsx(204,21): error TS17004: Cannot use JSX unless the '--jsx' flag is provided.
src/pages/Contact.tsx(207,21): error TS17004: Cannot use JSX unless the '--jsx' flag is provided.
src/pages/Contact.tsx(217,19): error TS17004: Cannot use JSX unless the '--jsx' flag is provided.
src/pages/Contact.tsx(218,21): error TS17004: Cannot use JSX unless the '--jsx' flag is provided.
src/pages/Contact.tsx(221,21): error TS17004: Cannot use JSX unless the '--jsx' flag is provided.
src/pages/Contact.tsx(229,23): error TS17004: Cannot use JSX unless the '--jsx' flag is provided.
src/pages/Contact.tsx(230,23): error TS17004: Cannot use JSX unless the '--jsx' flag is provided.
src/pages/Contact.tsx(231,23): error TS17004: Cannot use JSX unless the '--jsx' flag is provided.
src/pages/Contact.tsx(232,23): error TS17004: Cannot use JSX unless the '--jsx' flag is provided.
src/pages/Contact.tsx(233,23): error TS17004: Cannot use JSX unless the '--jsx' flag is provided.
src/pages/Contact.tsx(234,23): error TS17004: Cannot use JSX unless the '--jsx' flag is provided.
src/pages/Contact.tsx(235,23): error TS17004: Cannot use JSX unless the '--jsx' flag is provided.
src/pages/Contact.tsx(240,17): error TS17004: Cannot use JSX unless the '--jsx' flag is provided.
src/pages/Contact.tsx(241,19): error TS17004: Cannot use JSX unless the '--jsx' flag is provided.
src/pages/Contact.tsx(244,19): error TS17004: Cannot use JSX unless the '--jsx' flag is provided.
src/pages/Contact.tsx(251,21): error TS17004: Cannot use JSX unless the '--jsx' flag is provided.
src/pages/Contact.tsx(252,21): error TS17004: Cannot use JSX unless the '--jsx' flag is provided.
src/pages/Contact.tsx(253,21): error TS17004: Cannot use JSX unless the '--jsx' flag is provided.
src/pages/Contact.tsx(254,21): error TS17004: Cannot use JSX unless the '--jsx' flag is provided.
src/pages/Contact.tsx(255,21): error TS17004: Cannot use JSX unless the '--jsx' flag is provided.
src/pages/Contact.tsx(256,21): error TS17004: Cannot use JSX unless the '--jsx' flag is provided.
src/pages/Contact.tsx(260,17): error TS17004: Cannot use JSX unless the '--jsx' flag is provided.
src/pages/Contact.tsx(261,19): error TS17004: Cannot use JSX unless the '--jsx' flag is provided.
src/pages/Contact.tsx(264,19): error TS17004: Cannot use JSX unless the '--jsx' flag is provided.
src/pages/Contact.tsx(276,17): error TS17004: Cannot use JSX unless the '--jsx' flag is provided.
src/pages/Contact.tsx(280,19): error TS17004: Cannot use JSX unless the '--jsx' flag is provided.
src/pages/Contact.tsx(281,19): error TS17004: Cannot use JSX unless the '--jsx' flag is provided.
src/pages/ContactCenterSolutions.tsx(1,8): error TS1259: Module '"C:/Users/EPHRAIM/Desktop/esk/node_modules/@types/react/index"' can only be default-imported using the 'esModuleInterop' flag
src/pages/ContactCenterSolutions.tsx(6,5): error TS17004: Cannot use JSX unless the '--jsx' flag is provided.
src/pages/ContactCenterSolutions.tsx(7,7): error TS17004: Cannot use JSX unless the '--jsx' flag is provided.
src/pages/ContactCenterSolutions.tsx(13,9): error TS17004: Cannot use JSX unless the '--jsx' flag is provided.
src/pages/ContactCenterSolutions.tsx(14,9): error TS17004: Cannot use JSX unless the '--jsx' flag is provided.
src/pages/ContactCenterSolutions.tsx(16,9): error TS17004: Cannot use JSX unless the '--jsx' flag is provided.
src/pages/ContactCenterSolutions.tsx(17,11): error TS17004: Cannot use JSX unless the '--jsx' flag is provided.
src/pages/ContactCenterSolutions.tsx(18,11): error TS17004: Cannot use JSX unless the '--jsx' flag is provided.
src/pages/Home.tsx(1,8): error TS1259: Module '"C:/Users/EPHRAIM/Desktop/esk/node_modules/@types/react/index"' can only be default-imported using the 'esModuleInterop' flag
src/pages/Home.tsx(5,5): error TS17004: Cannot use JSX unless the '--jsx' flag is provided.
src/pages/Home.tsx(6,7): error TS17004: Cannot use JSX unless the '--jsx' flag is provided.
src/pages/InternetServices.tsx(1,8): error TS1259: Module '"C:/Users/EPHRAIM/Desktop/esk/node_modules/@types/react/index"' can only be default-imported using the 'esModuleInterop' flag
src/pages/InternetServices.tsx(2,47): error TS6142: Module '@/components/ui/card' was resolved to 'C:/Users/EPHRAIM/Desktop/esk/src/components/ui/card.tsx', but '--jsx' is not set.
src/pages/InternetServices.tsx(3,24): error TS6142: Module '@/components/ui/button' was resolved to 'C:/Users/EPHRAIM/Desktop/esk/src/components/ui/button.tsx', but '--jsx' is not set.
src/pages/InternetServices.tsx(8,5): error TS17004: Cannot use JSX unless the '--jsx' flag is provided.
src/pages/InternetServices.tsx(9,7): error TS17004: Cannot use JSX unless the '--jsx' flag is provided.
src/pages/InternetServices.tsx(16,9): error TS17004: Cannot use JSX unless the '--jsx' flag is provided.
src/pages/InternetServices.tsx(19,9): error TS17004: Cannot use JSX unless the '--jsx' flag is provided.
src/pages/InternetServices.tsx(26,9): error TS17004: Cannot use JSX unless the '--jsx' flag is provided.
src/pages/InternetServices.tsx(27,11): error TS17004: Cannot use JSX unless the '--jsx' flag is provided.
src/pages/InternetServices.tsx(28,13): error TS17004: Cannot use JSX unless the '--jsx' flag is provided.
src/pages/InternetServices.tsx(32,11): error TS17004: Cannot use JSX unless the '--jsx' flag is provided.
src/pages/InternetServices.tsx(33,13): error TS17004: Cannot use JSX unless the '--jsx' flag is provided.
src/pages/InternetServices.tsx(36,13): error TS17004: Cannot use JSX unless the '--jsx' flag is provided.
src/pages/InternetServices.tsx(40,13): error TS17004: Cannot use JSX unless the '--jsx' flag is provided.
src/pages/InternetServices.tsx(43,13): error TS17004: Cannot use JSX unless the '--jsx' flag is provided.
src/pages/InternetServices.tsx(44,15): error TS17004: Cannot use JSX unless the '--jsx' flag is provided.
src/pages/InternetServices.tsx(45,15): error TS17004: Cannot use JSX unless the '--jsx' flag is provided.
src/pages/InternetServices.tsx(46,15): error TS17004: Cannot use JSX unless the '--jsx' flag is provided.
src/pages/InternetServices.tsx(47,15): error TS17004: Cannot use JSX unless the '--jsx' flag is provided.
src/pages/InternetServices.tsx(53,13): error TS17004: Cannot use JSX unless the '--jsx' flag is provided.
src/pages/InternetServices.tsx(60,9): error TS17004: Cannot use JSX unless the '--jsx' flag is provided.
src/pages/InternetServices.tsx(61,11): error TS17004: Cannot use JSX unless the '--jsx' flag is provided.
src/pages/InternetServices.tsx(62,13): error TS17004: Cannot use JSX unless the '--jsx' flag is provided.
src/pages/InternetServices.tsx(66,11): error TS17004: Cannot use JSX unless the '--jsx' flag is provided.
src/pages/InternetServices.tsx(67,13): error TS17004: Cannot use JSX unless the '--jsx' flag is provided.
src/pages/InternetServices.tsx(73,13): error TS17004: Cannot use JSX unless the '--jsx' flag is provided.
src/pages/InternetServices.tsx(75,15): error TS17004: Cannot use JSX unless the '--jsx' flag is provided.
src/pages/InternetServices.tsx(80,13): error TS17004: Cannot use JSX unless the '--jsx' flag is provided.
src/pages/InternetServices.tsx(83,13): error TS17004: Cannot use JSX unless the '--jsx' flag is provided.
src/pages/InternetServices.tsx(84,15): error TS17004: Cannot use JSX unless the '--jsx' flag is provided.
src/pages/InternetServices.tsx(85,15): error TS17004: Cannot use JSX unless the '--jsx' flag is provided.
src/pages/InternetServices.tsx(86,15): error TS17004: Cannot use JSX unless the '--jsx' flag is provided.
src/pages/InternetServices.tsx(89,15): error TS17004: Cannot use JSX unless the '--jsx' flag is provided.
src/pages/InternetServices.tsx(92,13): error TS17004: Cannot use JSX unless the '--jsx' flag is provided.
src/pages/InternetServices.tsx(99,9): error TS17004: Cannot use JSX unless the '--jsx' flag is provided.
src/pages/InternetServices.tsx(100,11): error TS17004: Cannot use JSX unless the '--jsx' flag is provided.
src/pages/InternetServices.tsx(103,11): error TS17004: Cannot use JSX unless the '--jsx' flag is provided.
src/pages/InternetServices.tsx(104,13): error TS17004: Cannot use JSX unless the '--jsx' flag is provided.
src/pages/InternetServices.tsx(105,15): error TS17004: Cannot use JSX unless the '--jsx' flag is provided.
src/pages/InternetServices.tsx(106,17): error TS17004: Cannot use JSX unless the '--jsx' flag is provided.
src/pages/InternetServices.tsx(107,17): error TS17004: Cannot use JSX unless the '--jsx' flag is provided.
src/pages/InternetServices.tsx(108,17): error TS17004: Cannot use JSX unless the '--jsx' flag is provided.
src/pages/InternetServices.tsx(111,13): error TS17004: Cannot use JSX unless the '--jsx' flag is provided.
src/pages/InternetServices.tsx(112,15): error TS17004: Cannot use JSX unless the '--jsx' flag is provided.
src/pages/InternetServices.tsx(113,17): error TS17004: Cannot use JSX unless the '--jsx' flag is provided.
src/pages/InternetServices.tsx(114,17): error TS17004: Cannot use JSX unless the '--jsx' flag is provided.
src/pages/InternetServices.tsx(115,17): error TS17004: Cannot use JSX unless the '--jsx' flag is provided.
src/pages/InternetServices.tsx(119,15): error TS17004: Cannot use JSX unless the '--jsx' flag is provided.
src/pages/InternetServices.tsx(120,17): error TS17004: Cannot use JSX unless the '--jsx' flag is provided.
src/pages/InternetServices.tsx(121,17): error TS17004: Cannot use JSX unless the '--jsx' flag is provided.
src/pages/InternetServices.tsx(122,17): error TS17004: Cannot use JSX unless the '--jsx' flag is provided.
src/pages/InternetServices.tsx(124,15): error TS17004: Cannot use JSX unless the '--jsx' flag is provided.
src/pages/InternetServices.tsx(125,17): error TS17004: Cannot use JSX unless the '--jsx' flag is provided.
src/pages/InternetServices.tsx(126,17): error TS17004: Cannot use JSX unless the '--jsx' flag is provided.
src/pages/InternetServices.tsx(129,17): error TS17004: Cannot use JSX unless the '--jsx' flag is provided.
src/pages/InternetServices.tsx(133,15): error TS17004: Cannot use JSX unless the '--jsx' flag is provided.
src/pages/InternetServices.tsx(134,17): error TS17004: Cannot use JSX unless the '--jsx' flag is provided.
src/pages/InternetServices.tsx(135,17): error TS17004: Cannot use JSX unless the '--jsx' flag is provided.
src/pages/InternetServices.tsx(136,17): error TS17004: Cannot use JSX unless the '--jsx' flag is provided.
src/pages/InternetServices.tsx(140,15): error TS17004: Cannot use JSX unless the '--jsx' flag is provided.
src/pages/InternetServices.tsx(141,17): error TS17004: Cannot use JSX unless the '--jsx' flag is provided.
src/pages/InternetServices.tsx(142,17): error TS17004: Cannot use JSX unless the '--jsx' flag is provided.
src/pages/InternetServices.tsx(143,17): error TS17004: Cannot use JSX unless the '--jsx' flag is provided.
src/pages/InternetServices.tsx(147,15): error TS17004: Cannot use JSX unless the '--jsx' flag is provided.
src/pages/InternetServices.tsx(148,17): error TS17004: Cannot use JSX unless the '--jsx' flag is provided.
src/pages/InternetServices.tsx(149,17): error TS17004: Cannot use JSX unless the '--jsx' flag is provided.
src/pages/InternetServices.tsx(150,17): error TS17004: Cannot use JSX unless the '--jsx' flag is provided.
src/pages/Portfolio.tsx(1,8): error TS1259: Module '"C:/Users/EPHRAIM/Desktop/esk/node_modules/@types/react/index"' can only be default-imported using the 'esModuleInterop' flag
src/pages/Portfolio.tsx(84,5): error TS17004: Cannot use JSX unless the '--jsx' flag is provided.
src/pages/Portfolio.tsx(86,7): error TS17004: Cannot use JSX unless the '--jsx' flag is provided.
src/pages/Portfolio.tsx(87,9): error TS17004: Cannot use JSX unless the '--jsx' flag is provided.
src/pages/Portfolio.tsx(88,11): error TS17004: Cannot use JSX unless the '--jsx' flag is provided.
src/pages/Portfolio.tsx(89,13): error TS17004: Cannot use JSX unless the '--jsx' flag is provided.
src/pages/Portfolio.tsx(90,19): error TS17004: Cannot use JSX unless the '--jsx' flag is provided.
src/pages/Portfolio.tsx(92,13): error TS17004: Cannot use JSX unless the '--jsx' flag is provided.
src/pages/Portfolio.tsx(100,7): error TS17004: Cannot use JSX unless the '--jsx' flag is provided.
src/pages/Portfolio.tsx(101,9): error TS17004: Cannot use JSX unless the '--jsx' flag is provided.
src/pages/Portfolio.tsx(102,11): error TS17004: Cannot use JSX unless the '--jsx' flag is provided.
src/pages/Portfolio.tsx(103,13): error TS17004: Cannot use JSX unless the '--jsx' flag is provided.
src/pages/Portfolio.tsx(105,15): error TS17004: Cannot use JSX unless the '--jsx' flag is provided.
src/pages/Portfolio.tsx(122,7): error TS17004: Cannot use JSX unless the '--jsx' flag is provided.
src/pages/Portfolio.tsx(123,9): error TS17004: Cannot use JSX unless the '--jsx' flag is provided.
src/pages/Portfolio.tsx(124,11): error TS17004: Cannot use JSX unless the '--jsx' flag is provided.
src/pages/Portfolio.tsx(126,15): error TS17004: Cannot use JSX unless the '--jsx' flag is provided.
src/pages/Portfolio.tsx(130,17): error TS17004: Cannot use JSX unless the '--jsx' flag is provided.
src/pages/Portfolio.tsx(131,19): error TS17004: Cannot use JSX unless the '--jsx' flag is provided.
src/pages/Portfolio.tsx(136,19): error TS17004: Cannot use JSX unless the '--jsx' flag is provided.
src/pages/Portfolio.tsx(137,19): error TS17004: Cannot use JSX unless the '--jsx' flag is provided.
src/pages/Portfolio.tsx(138,21): error TS17004: Cannot use JSX unless the '--jsx' flag is provided.
src/pages/Portfolio.tsx(142,23): error TS17004: Cannot use JSX unless the '--jsx' flag is provided.
src/pages/Portfolio.tsx(144,21): error TS17004: Cannot use JSX unless the '--jsx' flag is provided.
src/pages/Portfolio.tsx(148,23): error TS17004: Cannot use JSX unless the '--jsx' flag is provided.
src/pages/Portfolio.tsx(153,17): error TS17004: Cannot use JSX unless the '--jsx' flag is provided.
src/pages/Portfolio.tsx(154,19): error TS17004: Cannot use JSX unless the '--jsx' flag is provided.
src/pages/Portfolio.tsx(157,19): error TS17004: Cannot use JSX unless the '--jsx' flag is provided.
src/pages/Portfolio.tsx(161,19): error TS17004: Cannot use JSX unless the '--jsx' flag is provided.
src/pages/Portfolio.tsx(163,23): error TS17004: Cannot use JSX unless the '--jsx' flag is provided.
src/pages/Portfolio.tsx(179,7): error TS17004: Cannot use JSX unless the '--jsx' flag is provided.
src/pages/Portfolio.tsx(180,9): error TS17004: Cannot use JSX unless the '--jsx' flag is provided.
src/pages/Portfolio.tsx(181,11): error TS17004: Cannot use JSX unless the '--jsx' flag is provided.
src/pages/Portfolio.tsx(184,11): error TS17004: Cannot use JSX unless the '--jsx' flag is provided.
src/pages/Portfolio.tsx(187,11): error TS17004: Cannot use JSX unless the '--jsx' flag is provided.
src/pages/Services.tsx(1,8): error TS1259: Module '"C:/Users/EPHRAIM/Desktop/esk/node_modules/@types/react/index"' can only be default-imported using the 'esModuleInterop' flag
src/pages/Services.tsx(5,5): error TS17004: Cannot use JSX unless the '--jsx' flag is provided.
src/pages/Services.tsx(6,7): error TS17004: Cannot use JSX unless the '--jsx' flag is provided.
vite.config.ts(3,18): error TS2307: Cannot find module 'path' or its corresponding type declarations.
vite.config.ts(10,25): error TS2304: Cannot find name '__dirname'.
